------------------------------------------------------------
TimeQuest Timing Analyzer Summary
------------------------------------------------------------

Type  : Slow Model Setup 'CLOCK_50'
Slack : -4.154
TNS   : -421.167

Type  : Slow Model Setup 'uart_controller:uart_ctrl_inst|baud_rate_gen:brg_inst|ov_tick'
Slack : -2.155
TNS   : -60.806

Type  : Slow Model Setup 'uart_controller:uart_ctrl_inst|baud_rate_gen:brg_inst|uart_tick'
Slack : -1.151
TNS   : -10.276

Type  : Slow Model Hold 'CLOCK_50'
Slack : 0.278
TNS   : 0.000

Type  : Slow Model Hold 'uart_controller:uart_ctrl_inst|baud_rate_gen:brg_inst|ov_tick'
Slack : 0.391
TNS   : 0.000

Type  : Slow Model Hold 'uart_controller:uart_ctrl_inst|baud_rate_gen:brg_inst|uart_tick'
Slack : 0.391
TNS   : 0.000

Type  : Slow Model Recovery 'uart_controller:uart_ctrl_inst|baud_rate_gen:brg_inst|ov_tick'
Slack : -1.224
TNS   : -11.016

Type  : Slow Model Removal 'uart_controller:uart_ctrl_inst|baud_rate_gen:brg_inst|ov_tick'
Slack : 1.994
TNS   : 0.000

Type  : Slow Model Minimum Pulse Width 'CLOCK_50'
Slack : -1.627
TNS   : -305.762

Type  : Slow Model Minimum Pulse Width 'uart_controller:uart_ctrl_inst|baud_rate_gen:brg_inst|ov_tick'
Slack : -0.500
TNS   : -38.000

Type  : Slow Model Minimum Pulse Width 'uart_controller:uart_ctrl_inst|baud_rate_gen:brg_inst|uart_tick'
Slack : -0.500
TNS   : -14.000

Type  : Fast Model Setup 'CLOCK_50'
Slack : -1.918
TNS   : -108.048

Type  : Fast Model Setup 'uart_controller:uart_ctrl_inst|baud_rate_gen:brg_inst|ov_tick'
Slack : -0.485
TNS   : -10.904

Type  : Fast Model Setup 'uart_controller:uart_ctrl_inst|baud_rate_gen:brg_inst|uart_tick'
Slack : -0.006
TNS   : -0.019

Type  : Fast Model Hold 'CLOCK_50'
Slack : 0.058
TNS   : 0.000

Type  : Fast Model Hold 'uart_controller:uart_ctrl_inst|baud_rate_gen:brg_inst|ov_tick'
Slack : 0.215
TNS   : 0.000

Type  : Fast Model Hold 'uart_controller:uart_ctrl_inst|baud_rate_gen:brg_inst|uart_tick'
Slack : 0.215
TNS   : 0.000

Type  : Fast Model Recovery 'uart_controller:uart_ctrl_inst|baud_rate_gen:brg_inst|ov_tick'
Slack : -0.226
TNS   : -2.034

Type  : Fast Model Removal 'uart_controller:uart_ctrl_inst|baud_rate_gen:brg_inst|ov_tick'
Slack : 1.106
TNS   : 0.000

Type  : Fast Model Minimum Pulse Width 'CLOCK_50'
Slack : -1.627
TNS   : -305.762

Type  : Fast Model Minimum Pulse Width 'uart_controller:uart_ctrl_inst|baud_rate_gen:brg_inst|ov_tick'
Slack : -0.500
TNS   : -38.000

Type  : Fast Model Minimum Pulse Width 'uart_controller:uart_ctrl_inst|baud_rate_gen:brg_inst|uart_tick'
Slack : -0.500
TNS   : -14.000

------------------------------------------------------------
